#-----------------------------------------------------------
# Vivado v2018.3 (64-bit)
# SW Build 2405991 on Thu Dec  6 23:38:27 MST 2018
# IP Build 2404404 on Fri Dec  7 01:43:56 MST 2018
# Start of session at: Fri Jul  1 09:30:01 2022
# Process ID: 24368
# Current directory: F:/file/exp/cpu/single_cycle_cpu_download
# Command line: vivado.exe -gui_launcher_event rodinguilauncherevent19400 F:\file\exp\cpu\single_cycle_cpu_download\single_cycle_cpu.xpr
# Log file: F:/file/exp/cpu/single_cycle_cpu_download/vivado.log
# Journal file: F:/file/exp/cpu/single_cycle_cpu_download\vivado.jou
#-----------------------------------------------------------
start_gui
open_project F:/file/exp/cpu/single_cycle_cpu_download/single_cycle_cpu.xpr
update_compile_order -fileset sources_1
synth_design -rtl -name rtl_1
reset_run synth_1
launch_runs impl_1 -to_step write_bitstream -jobs 8
wait_on_run impl_1
refresh_design
reset_run synth_1
launch_runs impl_1 -to_step write_bitstream -jobs 8
wait_on_run impl_1
reset_run synth_1
launch_runs impl_1 -to_step write_bitstream -jobs 8
wait_on_run impl_1
